[2025-09-14 15:12:28] INFO  org.springframework.orm.jpa.LocalContainerEntityManagerFactoryBean - Closing JPA EntityManagerFactory for persistence unit 'default'
[2025-09-14 15:12:28] INFO  com.zaxxer.hikari.HikariDataSource - HikariPool-1 - Shutdown initiated...
[2025-09-14 15:12:28] INFO  com.zaxxer.hikari.HikariDataSource - HikariPool-1 - Shutdown completed.
[2025-09-14 15:19:18] INFO  com.conquervictory.courseregistrationsystem.CourseregistrationsystemApplication - Starting CourseregistrationsystemApplication using Java 1.8.0_452 on netxd-Vostro-15-3510 with PID 793137 (/home/surendarn/Documents/SpringBootStudy/conquervictory/courseregistrationsystem/build/classes/java/main started by surendarn in /home/surendarn/Documents/SpringBootStudy/conquervictory/courseregistrationsystem)
[2025-09-14 15:19:18] INFO  com.conquervictory.courseregistrationsystem.CourseregistrationsystemApplication - No active profile set, falling back to 1 default profile: "default"
[2025-09-14 15:19:18] INFO  org.springframework.data.repository.config.RepositoryConfigurationDelegate - Bootstrapping Spring Data JPA repositories in DEFAULT mode.
[2025-09-14 15:19:18] INFO  org.springframework.data.repository.config.RepositoryConfigurationDelegate - Finished Spring Data repository scanning in 32 ms. Found 3 JPA repository interfaces.
[2025-09-14 15:19:19] INFO  org.springframework.boot.web.embedded.tomcat.TomcatWebServer - Tomcat initialized with port(s): 8080 (http)
[2025-09-14 15:19:19] INFO  org.apache.coyote.http11.Http11NioProtocol - Initializing ProtocolHandler ["http-nio-8080"]
[2025-09-14 15:19:19] INFO  org.apache.catalina.core.StandardService - Starting service [Tomcat]
[2025-09-14 15:19:19] INFO  org.apache.catalina.core.StandardEngine - Starting Servlet engine: [Apache Tomcat/9.0.71]
[2025-09-14 15:19:19] INFO  org.apache.catalina.core.ContainerBase.[Tomcat].[localhost].[/] - Initializing Spring embedded WebApplicationContext
[2025-09-14 15:19:19] INFO  org.springframework.boot.web.servlet.context.ServletWebServerApplicationContext - Root WebApplicationContext: initialization completed in 788 ms
[2025-09-14 15:19:19] INFO  org.hibernate.jpa.internal.util.LogHelper - HHH000204: Processing PersistenceUnitInfo [name: default]
[2025-09-14 15:19:19] INFO  org.hibernate.Version - HHH000412: Hibernate ORM core version 5.6.15.Final
[2025-09-14 15:19:19] INFO  org.hibernate.annotations.common.Version - HCANN000001: Hibernate Commons Annotations {5.1.2.Final}
[2025-09-14 15:19:19] INFO  com.zaxxer.hikari.HikariDataSource - HikariPool-1 - Starting...
[2025-09-14 15:19:19] INFO  com.zaxxer.hikari.HikariDataSource - HikariPool-1 - Start completed.
[2025-09-14 15:19:19] INFO  org.hibernate.dialect.Dialect - HHH000400: Using dialect: org.hibernate.dialect.MySQL8Dialect
[2025-09-14 15:19:20] INFO  org.hibernate.engine.transaction.jta.platform.internal.JtaPlatformInitiator - HHH000490: Using JtaPlatform implementation: [org.hibernate.engine.transaction.jta.platform.internal.NoJtaPlatform]
[2025-09-14 15:19:20] INFO  org.springframework.orm.jpa.LocalContainerEntityManagerFactoryBean - Initialized JPA EntityManagerFactory for persistence unit 'default'
[2025-09-14 15:19:20] INFO  com.conquervictory.courseregistrationsystem.config.SecurityConfiguration - securityfilterchain called
[2025-09-14 15:19:20] WARN  org.springframework.boot.autoconfigure.orm.jpa.JpaBaseConfiguration$JpaWebConfiguration - spring.jpa.open-in-view is enabled by default. Therefore, database queries may be performed during view rendering. Explicitly configure spring.jpa.open-in-view to disable this warning
[2025-09-14 15:19:20] INFO  org.springframework.security.web.DefaultSecurityFilterChain - Will secure any request with [org.springframework.security.web.session.DisableEncodeUrlFilter@502c2278, org.springframework.security.web.context.request.async.WebAsyncManagerIntegrationFilter@1209a0f, org.springframework.security.web.context.SecurityContextPersistenceFilter@41bb1f09, org.springframework.security.web.header.HeaderWriterFilter@4d67d5a4, org.springframework.web.filter.CorsFilter@696174d3, org.springframework.security.web.authentication.logout.LogoutFilter@2084e65a, org.springframework.security.web.savedrequest.RequestCacheAwareFilter@66f2ec1c, org.springframework.security.web.servletapi.SecurityContextHolderAwareRequestFilter@12e5d3e1, org.springframework.security.web.authentication.AnonymousAuthenticationFilter@66715ca9, org.springframework.security.web.session.SessionManagementFilter@507049f2, org.springframework.security.web.access.ExceptionTranslationFilter@9e33a6a, org.springframework.security.web.access.intercept.FilterSecurityInterceptor@6c27e700]
[2025-09-14 15:19:20] INFO  org.apache.coyote.http11.Http11NioProtocol - Starting ProtocolHandler ["http-nio-8080"]
[2025-09-14 15:19:20] INFO  org.springframework.boot.web.embedded.tomcat.TomcatWebServer - Tomcat started on port(s): 8080 (http) with context path ''
[2025-09-14 15:19:20] INFO  com.conquervictory.courseregistrationsystem.CourseregistrationsystemApplication - Started CourseregistrationsystemApplication in 2.783 seconds (JVM running for 3.282)
[2025-09-14 15:19:32] INFO  org.apache.catalina.core.ContainerBase.[Tomcat].[localhost].[/] - Initializing Spring DispatcherServlet 'dispatcherServlet'
[2025-09-14 15:19:32] INFO  org.springframework.web.servlet.DispatcherServlet - Initializing Servlet 'dispatcherServlet'
[2025-09-14 15:19:32] INFO  org.springframework.web.servlet.DispatcherServlet - Completed initialization in 1 ms
[2025-09-14 15:20:46] INFO  org.springframework.orm.jpa.LocalContainerEntityManagerFactoryBean - Closing JPA EntityManagerFactory for persistence unit 'default'
[2025-09-14 15:20:46] INFO  com.zaxxer.hikari.HikariDataSource - HikariPool-1 - Shutdown initiated...
[2025-09-14 15:20:46] INFO  com.zaxxer.hikari.HikariDataSource - HikariPool-1 - Shutdown completed.
[2025-09-14 15:20:53] INFO  com.conquervictory.courseregistrationsystem.CourseregistrationsystemApplication - Starting CourseregistrationsystemApplication using Java 1.8.0_452 on netxd-Vostro-15-3510 with PID 794295 (/home/surendarn/Documents/SpringBootStudy/conquervictory/courseregistrationsystem/build/classes/java/main started by surendarn in /home/surendarn/Documents/SpringBootStudy/conquervictory/courseregistrationsystem)
[2025-09-14 15:20:53] INFO  com.conquervictory.courseregistrationsystem.CourseregistrationsystemApplication - No active profile set, falling back to 1 default profile: "default"
[2025-09-14 15:20:54] INFO  org.springframework.data.repository.config.RepositoryConfigurationDelegate - Bootstrapping Spring Data JPA repositories in DEFAULT mode.
[2025-09-14 15:20:54] INFO  org.springframework.data.repository.config.RepositoryConfigurationDelegate - Finished Spring Data repository scanning in 36 ms. Found 3 JPA repository interfaces.
[2025-09-14 15:20:54] INFO  org.springframework.boot.web.embedded.tomcat.TomcatWebServer - Tomcat initialized with port(s): 8080 (http)
[2025-09-14 15:20:54] INFO  org.apache.coyote.http11.Http11NioProtocol - Initializing ProtocolHandler ["http-nio-8080"]
[2025-09-14 15:20:54] INFO  org.apache.catalina.core.StandardService - Starting service [Tomcat]
[2025-09-14 15:20:54] INFO  org.apache.catalina.core.StandardEngine - Starting Servlet engine: [Apache Tomcat/9.0.71]
[2025-09-14 15:20:54] INFO  org.apache.catalina.core.ContainerBase.[Tomcat].[localhost].[/] - Initializing Spring embedded WebApplicationContext
[2025-09-14 15:20:54] INFO  org.springframework.boot.web.servlet.context.ServletWebServerApplicationContext - Root WebApplicationContext: initialization completed in 929 ms
[2025-09-14 15:20:55] INFO  org.hibernate.jpa.internal.util.LogHelper - HHH000204: Processing PersistenceUnitInfo [name: default]
[2025-09-14 15:20:55] INFO  org.hibernate.Version - HHH000412: Hibernate ORM core version 5.6.15.Final
[2025-09-14 15:20:55] INFO  org.hibernate.annotations.common.Version - HCANN000001: Hibernate Commons Annotations {5.1.2.Final}
[2025-09-14 15:20:55] INFO  com.zaxxer.hikari.HikariDataSource - HikariPool-1 - Starting...
[2025-09-14 15:20:55] INFO  com.zaxxer.hikari.HikariDataSource - HikariPool-1 - Start completed.
[2025-09-14 15:20:55] INFO  org.hibernate.dialect.Dialect - HHH000400: Using dialect: org.hibernate.dialect.MySQL8Dialect
[2025-09-14 15:20:55] INFO  org.hibernate.engine.transaction.jta.platform.internal.JtaPlatformInitiator - HHH000490: Using JtaPlatform implementation: [org.hibernate.engine.transaction.jta.platform.internal.NoJtaPlatform]
[2025-09-14 15:20:55] INFO  org.springframework.orm.jpa.LocalContainerEntityManagerFactoryBean - Initialized JPA EntityManagerFactory for persistence unit 'default'
[2025-09-14 15:20:56] INFO  com.conquervictory.courseregistrationsystem.config.SecurityConfiguration - securityfilterchain called
[2025-09-14 15:20:56] WARN  org.springframework.boot.autoconfigure.orm.jpa.JpaBaseConfiguration$JpaWebConfiguration - spring.jpa.open-in-view is enabled by default. Therefore, database queries may be performed during view rendering. Explicitly configure spring.jpa.open-in-view to disable this warning
[2025-09-14 15:20:56] INFO  org.springframework.security.web.DefaultSecurityFilterChain - Will secure any request with [org.springframework.security.web.session.DisableEncodeUrlFilter@7e5e6573, org.springframework.security.web.context.request.async.WebAsyncManagerIntegrationFilter@3005623b, org.springframework.security.web.context.SecurityContextPersistenceFilter@4c2ab536, org.springframework.security.web.header.HeaderWriterFilter@2b682e9, org.springframework.web.filter.CorsFilter@58aa5c94, org.springframework.security.web.authentication.logout.LogoutFilter@3e2d44f3, org.springframework.security.web.authentication.www.BasicAuthenticationFilter@45bd4753, org.springframework.security.web.savedrequest.RequestCacheAwareFilter@2084e65a, org.springframework.security.web.servletapi.SecurityContextHolderAwareRequestFilter@21527b8, org.springframework.security.web.authentication.AnonymousAuthenticationFilter@5d27b4c1, org.springframework.security.web.session.SessionManagementFilter@2154652c, org.springframework.security.web.access.ExceptionTranslationFilter@668a32a4, org.springframework.security.web.access.intercept.FilterSecurityInterceptor@1209a0f]
[2025-09-14 15:20:56] INFO  org.apache.coyote.http11.Http11NioProtocol - Starting ProtocolHandler ["http-nio-8080"]
[2025-09-14 15:20:56] INFO  org.springframework.boot.web.embedded.tomcat.TomcatWebServer - Tomcat started on port(s): 8080 (http) with context path ''
[2025-09-14 15:20:56] INFO  com.conquervictory.courseregistrationsystem.CourseregistrationsystemApplication - Started CourseregistrationsystemApplication in 2.889 seconds (JVM running for 3.343)
[2025-09-14 15:21:01] INFO  org.apache.catalina.core.ContainerBase.[Tomcat].[localhost].[/] - Initializing Spring DispatcherServlet 'dispatcherServlet'
[2025-09-14 15:21:01] INFO  org.springframework.web.servlet.DispatcherServlet - Initializing Servlet 'dispatcherServlet'
[2025-09-14 15:21:01] INFO  org.springframework.web.servlet.DispatcherServlet - Completed initialization in 1 ms
[2025-09-14 15:26:11] INFO  org.springframework.orm.jpa.LocalContainerEntityManagerFactoryBean - Closing JPA EntityManagerFactory for persistence unit 'default'
[2025-09-14 15:26:11] INFO  com.zaxxer.hikari.HikariDataSource - HikariPool-1 - Shutdown initiated...
[2025-09-14 15:26:11] INFO  com.zaxxer.hikari.HikariDataSource - HikariPool-1 - Shutdown completed.
[2025-09-14 15:26:23] INFO  com.conquervictory.courseregistrationsystem.CourseregistrationsystemApplicationTests - Starting CourseregistrationsystemApplicationTests using Java 1.8.0_452 on netxd-Vostro-15-3510 with PID 798004 (started by surendarn in /home/surendarn/Documents/SpringBootStudy/conquervictory/courseregistrationsystem)
[2025-09-14 15:26:23] INFO  com.conquervictory.courseregistrationsystem.CourseregistrationsystemApplicationTests - No active profile set, falling back to 1 default profile: "default"
[2025-09-14 15:26:23] INFO  org.springframework.data.repository.config.RepositoryConfigurationDelegate - Bootstrapping Spring Data JPA repositories in DEFAULT mode.
[2025-09-14 15:26:24] INFO  org.springframework.data.repository.config.RepositoryConfigurationDelegate - Finished Spring Data repository scanning in 83 ms. Found 3 JPA repository interfaces.
[2025-09-14 15:26:24] INFO  org.hibernate.jpa.internal.util.LogHelper - HHH000204: Processing PersistenceUnitInfo [name: default]
[2025-09-14 15:26:24] INFO  org.hibernate.Version - HHH000412: Hibernate ORM core version 5.6.15.Final
[2025-09-14 15:26:24] INFO  org.hibernate.annotations.common.Version - HCANN000001: Hibernate Commons Annotations {5.1.2.Final}
[2025-09-14 15:26:25] INFO  com.zaxxer.hikari.HikariDataSource - HikariPool-1 - Starting...
[2025-09-14 15:26:25] INFO  com.zaxxer.hikari.HikariDataSource - HikariPool-1 - Start completed.
[2025-09-14 15:26:25] INFO  org.hibernate.dialect.Dialect - HHH000400: Using dialect: org.hibernate.dialect.MySQL8Dialect
[2025-09-14 15:26:26] INFO  org.hibernate.engine.transaction.jta.platform.internal.JtaPlatformInitiator - HHH000490: Using JtaPlatform implementation: [org.hibernate.engine.transaction.jta.platform.internal.NoJtaPlatform]
[2025-09-14 15:26:26] INFO  org.springframework.orm.jpa.LocalContainerEntityManagerFactoryBean - Initialized JPA EntityManagerFactory for persistence unit 'default'
[2025-09-14 15:26:26] INFO  com.conquervictory.courseregistrationsystem.config.SecurityConfiguration - securityfilterchain called
[2025-09-14 15:26:26] WARN  org.springframework.boot.autoconfigure.orm.jpa.JpaBaseConfiguration$JpaWebConfiguration - spring.jpa.open-in-view is enabled by default. Therefore, database queries may be performed during view rendering. Explicitly configure spring.jpa.open-in-view to disable this warning
[2025-09-14 15:26:27] INFO  org.springframework.security.web.DefaultSecurityFilterChain - Will secure any request with [org.springframework.security.web.session.DisableEncodeUrlFilter@1b9727cb, org.springframework.security.web.context.request.async.WebAsyncManagerIntegrationFilter@3b88b3dc, org.springframework.security.web.context.SecurityContextPersistenceFilter@1aa0d4f6, org.springframework.security.web.header.HeaderWriterFilter@2433bfe0, org.springframework.web.filter.CorsFilter@7927b4b, org.springframework.security.web.authentication.logout.LogoutFilter@23b15d51, org.springframework.security.web.authentication.www.BasicAuthenticationFilter@23237ad, org.springframework.security.web.savedrequest.RequestCacheAwareFilter@79c732ee, org.springframework.security.web.servletapi.SecurityContextHolderAwareRequestFilter@789cddfa, org.springframework.security.web.authentication.AnonymousAuthenticationFilter@50ffe727, org.springframework.security.web.session.SessionManagementFilter@7022adb2, org.springframework.security.web.access.ExceptionTranslationFilter@3cf775d, org.springframework.security.web.access.intercept.FilterSecurityInterceptor@1a023b7c]
[2025-09-14 15:26:27] INFO  com.conquervictory.courseregistrationsystem.CourseregistrationsystemApplicationTests - Started CourseregistrationsystemApplicationTests in 4.757 seconds (JVM running for 5.962)
[2025-09-14 15:26:28] INFO  org.springframework.orm.jpa.LocalContainerEntityManagerFactoryBean - Closing JPA EntityManagerFactory for persistence unit 'default'
[2025-09-14 15:26:28] INFO  com.zaxxer.hikari.HikariDataSource - HikariPool-1 - Shutdown initiated...
[2025-09-14 15:26:28] INFO  com.zaxxer.hikari.HikariDataSource - HikariPool-1 - Shutdown completed.
